2026-09-22T07:08:27.462241+00:00 PLAN total=45 conditions=3 samples_per_condition=5 old=15 optimized=15 comparisons=15 resume_completed=0 ETA=00:00:00
2026-09-22T07:08:27.472106+00:00 BEGIN [1/45] old B_inf=1 sample=6697 elapsed=00:00:00 ETA=00:00:00
2026-09-22T07:08:41.358454+00:00 DONE [1/45] 2.2% elapsed=00:00:13 avg=13.87s ETA=00:10:10
2026-09-22T07:08:41.365965+00:00 BEGIN [2/45] optimized B_inf=1 sample=6697 elapsed=00:00:13 ETA=00:10:10
2026-09-22T07:08:46.135025+00:00 DONE [2/45] 4.4% elapsed=00:00:18 avg=9.31s ETA=00:06:40
2026-09-22T07:08:46.144124+00:00 BEGIN [3/45] compare_audit B_inf=1 sample=6697 elapsed=00:00:18 ETA=00:06:40
2026-09-22T07:08:46.165271+00:00 DONE [3/45] 6.7% elapsed=00:00:18 avg=6.21s ETA=00:04:20
2026-09-22T07:08:46.175604+00:00 BEGIN [4/45] old B_inf=1 sample=415 elapsed=00:00:18 ETA=00:04:20
2026-09-22T07:09:02.430658+00:00 DONE [4/45] 8.9% elapsed=00:00:34 avg=8.72s ETA=00:05:57
2026-09-22T07:09:02.437439+00:00 BEGIN [5/45] optimized B_inf=1 sample=415 elapsed=00:00:34 ETA=00:05:57
2026-09-22T07:09:06.534178+00:00 DONE [5/45] 11.1% elapsed=00:00:38 avg=7.79s ETA=00:05:11
2026-09-22T07:09:06.542789+00:00 BEGIN [6/45] compare_audit B_inf=1 sample=415 elapsed=00:00:38 ETA=00:05:11
2026-09-22T07:09:06.559821+00:00 DONE [6/45] 13.3% elapsed=00:00:38 avg=6.49s ETA=00:04:13
2026-09-22T07:09:06.569851+00:00 BEGIN [7/45] old B_inf=1 sample=8930 elapsed=00:00:38 ETA=00:04:13
2026-09-22T07:09:23.087655+00:00 DONE [7/45] 15.6% elapsed=00:00:55 avg=7.92s ETA=00:05:01
2026-09-22T07:09:23.095685+00:00 BEGIN [8/45] optimized B_inf=1 sample=8930 elapsed=00:00:55 ETA=00:05:01
2026-09-22T07:09:27.837645+00:00 DONE [8/45] 17.8% elapsed=00:01:00 avg=7.52s ETA=00:04:38
2026-09-22T07:09:27.846574+00:00 BEGIN [9/45] compare_audit B_inf=1 sample=8930 elapsed=00:01:00 ETA=00:04:38
2026-09-22T07:09:27.868209+00:00 DONE [9/45] 20.0% elapsed=00:01:00 avg=6.69s ETA=00:04:00
2026-09-22T07:09:27.882643+00:00 BEGIN [10/45] old B_inf=1 sample=1098 elapsed=00:01:00 ETA=00:04:00
2026-09-22T07:09:39.050121+00:00 DONE [10/45] 22.2% elapsed=00:01:11 avg=7.13s ETA=00:04:09
2026-09-22T07:09:39.061242+00:00 BEGIN [11/45] optimized B_inf=1 sample=1098 elapsed=00:01:11 ETA=00:04:09
2026-09-22T07:09:42.006406+00:00 DONE [11/45] 24.4% elapsed=00:01:14 avg=6.75s ETA=00:03:49
2026-09-22T07:09:42.017383+00:00 BEGIN [12/45] compare_audit B_inf=1 sample=1098 elapsed=00:01:14 ETA=00:03:49
2026-09-22T07:09:42.037278+00:00 DONE [12/45] 26.7% elapsed=00:01:14 avg=6.19s ETA=00:03:24
2026-09-22T07:09:42.053583+00:00 BEGIN [13/45] old B_inf=1 sample=653 elapsed=00:01:14 ETA=00:03:24
2026-09-22T07:10:14.282266+00:00 DONE [13/45] 28.9% elapsed=00:01:46 avg=8.19s ETA=00:04:22
2026-09-22T07:10:14.294341+00:00 BEGIN [14/45] optimized B_inf=1 sample=653 elapsed=00:01:46 ETA=00:04:22
2026-09-22T07:10:20.001080+00:00 DONE [14/45] 31.1% elapsed=00:01:52 avg=8.01s ETA=00:04:08
2026-09-22T07:10:20.012080+00:00 BEGIN [15/45] compare_audit B_inf=1 sample=653 elapsed=00:01:52 ETA=00:04:08
2026-09-22T07:10:20.032058+00:00 DONE [15/45] 33.3% elapsed=00:01:52 avg=7.48s ETA=00:03:44
2026-09-22T07:10:20.042174+00:00 BEGIN [16/45] old B1=500 sample=6697 elapsed=00:01:52 ETA=00:03:44
2026-09-22T07:12:00.010125+00:00 DONE [16/45] 35.6% elapsed=00:03:32 avg=13.26s ETA=00:06:24
2026-09-22T07:12:00.021958+00:00 BEGIN [17/45] optimized B1=500 sample=6697 elapsed=00:03:32 ETA=00:06:24
2026-09-22T07:12:21.797502+00:00 DONE [17/45] 37.8% elapsed=00:03:53 avg=13.76s ETA=00:06:25
2026-09-22T07:12:21.808988+00:00 BEGIN [18/45] compare_audit B1=500 sample=6697 elapsed=00:03:53 ETA=00:06:25
2026-09-22T07:12:21.833888+00:00 DONE [18/45] 40.0% elapsed=00:03:53 avg=12.99s ETA=00:05:50
2026-09-22T07:12:21.846755+00:00 BEGIN [19/45] old B1=500 sample=415 elapsed=00:03:53 ETA=00:05:50
2026-09-22T07:14:20.730317+00:00 DONE [19/45] 42.2% elapsed=00:05:52 avg=18.57s ETA=00:08:02
2026-09-22T07:14:20.742323+00:00 BEGIN [20/45] optimized B1=500 sample=415 elapsed=00:05:52 ETA=00:08:02
2026-09-22T07:14:44.963161+00:00 DONE [20/45] 44.4% elapsed=00:06:16 avg=18.85s ETA=00:07:51
2026-09-22T07:14:44.974356+00:00 BEGIN [21/45] compare_audit B1=500 sample=415 elapsed=00:06:16 ETA=00:07:51
2026-09-22T07:14:44.996045+00:00 DONE [21/45] 46.7% elapsed=00:06:16 avg=17.95s ETA=00:07:10
2026-09-22T07:14:45.010801+00:00 BEGIN [22/45] old B1=500 sample=8930 elapsed=00:06:16 ETA=00:07:10
2026-09-22T07:16:46.899568+00:00 DONE [22/45] 48.9% elapsed=00:08:18 avg=22.67s ETA=00:08:41
2026-09-22T07:16:46.914462+00:00 BEGIN [23/45] optimized B1=500 sample=8930 elapsed=00:08:18 ETA=00:08:41
2026-09-22T07:17:14.095566+00:00 DONE [23/45] 51.1% elapsed=00:08:45 avg=22.87s ETA=00:08:23
2026-09-22T07:17:14.110783+00:00 BEGIN [24/45] compare_audit B1=500 sample=8930 elapsed=00:08:45 ETA=00:08:23
2026-09-22T07:17:14.135171+00:00 DONE [24/45] 53.3% elapsed=00:08:45 avg=21.92s ETA=00:07:40
2026-09-22T07:17:14.151532+00:00 BEGIN [25/45] old B1=500 sample=1098 elapsed=00:08:45 ETA=00:07:40
2026-09-22T07:18:03.145312+00:00 DONE [25/45] 55.6% elapsed=00:09:34 avg=23.00s ETA=00:07:39
2026-09-22T07:18:03.158998+00:00 BEGIN [26/45] optimized B1=500 sample=1098 elapsed=00:09:34 ETA=00:07:39
2026-09-22T07:18:18.485041+00:00 DONE [26/45] 57.8% elapsed=00:09:50 avg=22.70s ETA=00:07:11
2026-09-22T07:18:18.499918+00:00 BEGIN [27/45] compare_audit B1=500 sample=1098 elapsed=00:09:50 ETA=00:07:11
2026-09-22T07:18:18.522683+00:00 DONE [27/45] 60.0% elapsed=00:09:50 avg=21.86s ETA=00:06:33
2026-09-22T07:18:18.536104+00:00 BEGIN [28/45] old B1=500 sample=653 elapsed=00:09:50 ETA=00:06:33
2026-09-22T07:20:37.162979+00:00 DONE [28/45] 62.2% elapsed=00:12:08 avg=26.03s ETA=00:07:22
2026-09-22T07:20:37.176588+00:00 BEGIN [29/45] optimized B1=500 sample=653 elapsed=00:12:08 ETA=00:07:22
2026-09-22T07:21:03.117311+00:00 DONE [29/45] 64.4% elapsed=00:12:34 avg=26.03s ETA=00:06:56
2026-09-22T07:21:03.131830+00:00 BEGIN [30/45] compare_audit B1=500 sample=653 elapsed=00:12:34 ETA=00:06:56
2026-09-22T07:21:03.156857+00:00 DONE [30/45] 66.7% elapsed=00:12:34 avg=25.16s ETA=00:06:17
2026-09-22T07:21:03.169939+00:00 BEGIN [31/45] old B0=200 sample=6697 elapsed=00:12:34 ETA=00:06:17
2026-09-22T07:22:43.344381+00:00 DONE [31/45] 68.9% elapsed=00:14:14 avg=27.58s ETA=00:06:26
2026-09-22T07:22:43.360219+00:00 BEGIN [32/45] optimized B0=200 sample=6697 elapsed=00:14:14 ETA=00:06:26
2026-09-22T07:23:01.937461+00:00 DONE [32/45] 71.1% elapsed=00:14:33 avg=27.30s ETA=00:05:54
2026-09-22T07:23:01.950810+00:00 BEGIN [33/45] compare_audit B0=200 sample=6697 elapsed=00:14:33 ETA=00:05:54
2026-09-22T07:23:01.975264+00:00 DONE [33/45] 73.3% elapsed=00:14:33 avg=26.47s ETA=00:05:17
2026-09-22T07:23:01.989212+00:00 BEGIN [34/45] old B0=200 sample=415 elapsed=00:14:33 ETA=00:05:17
2026-09-22T07:24:34.437740+00:00 DONE [34/45] 75.6% elapsed=00:16:05 avg=28.41s ETA=00:05:12
2026-09-22T07:24:34.450634+00:00 BEGIN [35/45] optimized B0=200 sample=415 elapsed=00:16:05 ETA=00:05:12
2026-09-22T07:24:54.808201+00:00 DONE [35/45] 77.8% elapsed=00:16:26 avg=28.18s ETA=00:04:41
2026-09-22T07:24:54.823948+00:00 BEGIN [36/45] compare_audit B0=200 sample=415 elapsed=00:16:26 ETA=00:04:41
2026-09-22T07:24:54.849940+00:00 DONE [36/45] 80.0% elapsed=00:16:26 avg=27.40s ETA=00:04:06
2026-09-22T07:24:54.863660+00:00 BEGIN [37/45] old B0=200 sample=8930 elapsed=00:16:26 ETA=00:04:06
2026-09-22T07:26:25.031108+00:00 DONE [37/45] 82.2% elapsed=00:17:56 avg=29.09s ETA=00:03:52
2026-09-22T07:26:25.046290+00:00 BEGIN [38/45] optimized B0=200 sample=8930 elapsed=00:17:56 ETA=00:03:52
2026-09-22T07:26:45.814329+00:00 DONE [38/45] 84.4% elapsed=00:18:17 avg=28.87s ETA=00:03:22
2026-09-22T07:26:45.832423+00:00 BEGIN [39/45] compare_audit B0=200 sample=8930 elapsed=00:18:17 ETA=00:03:22
2026-09-22T07:26:45.857304+00:00 DONE [39/45] 86.7% elapsed=00:18:17 avg=28.13s ETA=00:02:48
2026-09-22T07:26:45.873768+00:00 BEGIN [40/45] old B0=200 sample=1098 elapsed=00:18:17 ETA=00:02:48
2026-09-22T07:27:25.403116+00:00 DONE [40/45] 88.9% elapsed=00:18:56 avg=28.42s ETA=00:02:22
2026-09-22T07:27:25.420381+00:00 BEGIN [41/45] optimized B0=200 sample=1098 elapsed=00:18:56 ETA=00:02:22
2026-09-22T07:27:39.612334+00:00 DONE [41/45] 91.1% elapsed=00:19:10 avg=28.07s ETA=00:01:52
2026-09-22T07:27:39.632416+00:00 BEGIN [42/45] compare_audit B0=200 sample=1098 elapsed=00:19:10 ETA=00:01:52
2026-09-22T07:27:39.658063+00:00 DONE [42/45] 93.3% elapsed=00:19:10 avg=27.40s ETA=00:01:22
2026-09-22T07:27:39.675453+00:00 BEGIN [43/45] old B0=200 sample=653 elapsed=00:19:10 ETA=00:01:22
2026-09-22T07:29:32.129961+00:00 DONE [43/45] 95.6% elapsed=00:21:03 avg=29.38s ETA=00:00:58
2026-09-22T07:29:32.146163+00:00 BEGIN [44/45] optimized B0=200 sample=653 elapsed=00:21:03 ETA=00:00:58
2026-09-22T07:29:54.960475+00:00 DONE [44/45] 97.8% elapsed=00:21:26 avg=29.23s ETA=00:00:29
2026-09-22T07:29:54.976233+00:00 BEGIN [45/45] compare_audit B0=200 sample=653 elapsed=00:21:26 ETA=00:00:29
2026-09-22T07:29:55.000939+00:00 DONE [45/45] 100.0% elapsed=00:21:26 avg=28.58s ETA=00:00:00
2026-09-22T07:29:55.030173+00:00 FINAL PASS completed=45/45 elapsed=00:21:26
