cifar10_dvs | binary | 42 | 1 | 0.3166 | 0.2720 | 0.2720
cifar10_dvs | binary | 42 | 2 | 0.3981 | 0.4000 | 0.4000
cifar10_dvs | binary | 42 | 3 | 0.4592 | 0.4170 | 0.4170
cifar10_dvs | binary | 42 | 4 | 0.4848 | 0.4500 | 0.4500
cifar10_dvs | binary | 42 | 5 | 0.5138 | 0.4700 | 0.4700
cifar10_dvs | binary | 42 | 6 | 0.5386 | 0.4740 | 0.4740
cifar10_dvs | binary | 42 | 7 | 0.5616 | 0.4900 | 0.4900
cifar10_dvs | binary | 42 | 8 | 0.5819 | 0.3970 | 0.4900
cifar10_dvs | binary | 42 | 9 | 0.5976 | 0.5450 | 0.5450
cifar10_dvs | binary | 42 | 10 | 0.6158 | 0.5380 | 0.5450
cifar10_dvs | binary | 42 | 11 | 0.6298 | 0.5260 | 0.5450
cifar10_dvs | binary | 42 | 12 | 0.6428 | 0.5660 | 0.5660
cifar10_dvs | binary | 42 | 13 | 0.6498 | 0.5420 | 0.5660
cifar10_dvs | binary | 42 | 14 | 0.6594 | 0.5130 | 0.5660
cifar10_dvs | binary | 42 | 15 | 0.6714 | 0.5860 | 0.5860
cifar10_dvs | binary | 42 | 16 | 0.6796 | 0.5770 | 0.5860
cifar10_dvs | binary | 42 | 17 | 0.6870 | 0.5020 | 0.5860
cifar10_dvs | binary | 42 | 18 | 0.6983 | 0.5180 | 0.5860
cifar10_dvs | binary | 42 | 19 | 0.7097 | 0.5730 | 0.5860
cifar10_dvs | binary | 42 | 20 | 0.7147 | 0.6140 | 0.6140
cifar10_dvs | binary | 42 | 21 | 0.7299 | 0.5640 | 0.6140
cifar10_dvs | binary | 42 | 22 | 0.7332 | 0.6050 | 0.6140
cifar10_dvs | binary | 42 | 23 | 0.7424 | 0.6200 | 0.6200
cifar10_dvs | binary | 42 | 24 | 0.7488 | 0.5660 | 0.6200
cifar10_dvs | binary | 42 | 25 | 0.7479 | 0.6100 | 0.6200
cifar10_dvs | binary | 42 | 26 | 0.7695 | 0.6100 | 0.6200
cifar10_dvs | binary | 42 | 27 | 0.7738 | 0.6250 | 0.6250
cifar10_dvs | binary | 42 | 28 | 0.7789 | 0.6030 | 0.6250
cifar10_dvs | binary | 42 | 29 | 0.7865 | 0.6050 | 0.6250
cifar10_dvs | binary | 42 | 30 | 0.7940 | 0.6420 | 0.6420
cifar10_dvs | binary | 42 | 31 | 0.8000 | 0.6180 | 0.6420
cifar10_dvs | binary | 42 | 32 | 0.8103 | 0.6300 | 0.6420
cifar10_dvs | binary | 42 | 33 | 0.8137 | 0.6390 | 0.6420
cifar10_dvs | binary | 42 | 34 | 0.8199 | 0.6240 | 0.6420
cifar10_dvs | binary | 42 | 35 | 0.8281 | 0.6280 | 0.6420
cifar10_dvs | binary | 42 | 36 | 0.8353 | 0.6360 | 0.6420
cifar10_dvs | binary | 42 | 37 | 0.8416 | 0.6520 | 0.6520
cifar10_dvs | binary | 42 | 38 | 0.8470 | 0.6570 | 0.6570
cifar10_dvs | binary | 42 | 39 | 0.8560 | 0.6300 | 0.6570
cifar10_dvs | binary | 42 | 40 | 0.8545 | 0.6510 | 0.6570
cifar10_dvs | binary | 42 | 41 | 0.8635 | 0.6510 | 0.6570
cifar10_dvs | binary | 42 | 42 | 0.8651 | 0.6620 | 0.6620
cifar10_dvs | binary | 42 | 43 | 0.8721 | 0.6620 | 0.6620
cifar10_dvs | binary | 42 | 44 | 0.8800 | 0.6570 | 0.6620
cifar10_dvs | binary | 42 | 45 | 0.8862 | 0.6430 | 0.6620
cifar10_dvs | binary | 42 | 46 | 0.8969 | 0.6570 | 0.6620
cifar10_dvs | binary | 42 | 47 | 0.8895 | 0.6640 | 0.6640
cifar10_dvs | binary | 42 | 48 | 0.8949 | 0.6590 | 0.6640
cifar10_dvs | binary | 42 | 49 | 0.9055 | 0.6710 | 0.6710
cifar10_dvs | binary | 42 | 50 | 0.9110 | 0.6180 | 0.6710
cifar10_dvs | binary | 42 | 51 | 0.9131 | 0.6500 | 0.6710
cifar10_dvs | binary | 42 | 52 | 0.9165 | 0.6560 | 0.6710
cifar10_dvs | binary | 42 | 53 | 0.9189 | 0.6380 | 0.6710
cifar10_dvs | binary | 42 | 54 | 0.9285 | 0.6590 | 0.6710
cifar10_dvs | binary | 42 | 55 | 0.9281 | 0.6690 | 0.6710
cifar10_dvs | binary | 42 | 56 | 0.9346 | 0.6780 | 0.6780
cifar10_dvs | binary | 42 | 57 | 0.9380 | 0.6600 | 0.6780
cifar10_dvs | binary | 42 | 58 | 0.9375 | 0.6340 | 0.6780
cifar10_dvs | binary | 42 | 59 | 0.9440 | 0.6520 | 0.6780
cifar10_dvs | binary | 42 | 60 | 0.9450 | 0.6720 | 0.6780
cifar10_dvs | binary | 42 | 61 | 0.9496 | 0.6560 | 0.6780
cifar10_dvs | binary | 42 | 62 | 0.9507 | 0.6700 | 0.6780
cifar10_dvs | binary | 42 | 63 | 0.9536 | 0.6790 | 0.6790
cifar10_dvs | binary | 42 | 64 | 0.9576 | 0.6790 | 0.6790
cifar10_dvs | binary | 42 | 65 | 0.9601 | 0.6800 | 0.6800
cifar10_dvs | binary | 42 | 66 | 0.9595 | 0.6800 | 0.6800
cifar10_dvs | binary | 42 | 67 | 0.9623 | 0.6860 | 0.6860
cifar10_dvs | binary | 42 | 68 | 0.9641 | 0.6900 | 0.6900
cifar10_dvs | binary | 42 | 69 | 0.9691 | 0.6790 | 0.6900
cifar10_dvs | binary | 42 | 70 | 0.9728 | 0.6900 | 0.6900
cifar10_dvs | binary | 42 | 71 | 0.9699 | 0.6790 | 0.6900
cifar10_dvs | binary | 42 | 72 | 0.9725 | 0.6770 | 0.6900
cifar10_dvs | binary | 42 | 73 | 0.9736 | 0.6900 | 0.6900
cifar10_dvs | binary | 42 | 74 | 0.9762 | 0.6640 | 0.6900
cifar10_dvs | binary | 42 | 75 | 0.9785 | 0.6730 | 0.6900
cifar10_dvs | binary | 42 | 76 | 0.9794 | 0.6900 | 0.6900
cifar10_dvs | binary | 42 | 77 | 0.9811 | 0.6770 | 0.6900
cifar10_dvs | binary | 42 | 78 | 0.9824 | 0.6820 | 0.6900
cifar10_dvs | binary | 42 | 79 | 0.9802 | 0.6900 | 0.6900
cifar10_dvs | binary | 42 | 80 | 0.9831 | 0.6740 | 0.6900
cifar10_dvs | binary | 42 | 81 | 0.9816 | 0.6820 | 0.6900
cifar10_dvs | binary | 42 | 82 | 0.9835 | 0.6830 | 0.6900
cifar10_dvs | binary | 42 | 83 | 0.9879 | 0.6870 | 0.6900
cifar10_dvs | binary | 42 | 84 | 0.9882 | 0.6870 | 0.6900
cifar10_dvs | binary | 42 | 85 | 0.9881 | 0.6930 | 0.6930
cifar10_dvs | binary | 42 | 86 | 0.9874 | 0.6910 | 0.6930
cifar10_dvs | binary | 42 | 87 | 0.9900 | 0.7000 | 0.7000
cifar10_dvs | binary | 42 | 88 | 0.9906 | 0.6870 | 0.7000
cifar10_dvs | binary | 42 | 89 | 0.9898 | 0.6920 | 0.7000
cifar10_dvs | binary | 42 | 90 | 0.9890 | 0.6920 | 0.7000
cifar10_dvs | binary | 42 | 91 | 0.9912 | 0.6890 | 0.7000
cifar10_dvs | binary | 42 | 92 | 0.9905 | 0.6900 | 0.7000
cifar10_dvs | binary | 42 | 93 | 0.9911 | 0.6930 | 0.7000
cifar10_dvs | binary | 42 | 94 | 0.9915 | 0.6920 | 0.7000
cifar10_dvs | binary | 42 | 95 | 0.9909 | 0.7000 | 0.7000
cifar10_dvs | binary | 42 | 96 | 0.9915 | 0.6940 | 0.7000
cifar10_dvs | binary | 42 | 97 | 0.9924 | 0.6940 | 0.7000
cifar10_dvs | binary | 42 | 98 | 0.9928 | 0.6940 | 0.7000
cifar10_dvs | binary | 42 | 99 | 0.9948 | 0.6970 | 0.7000
cifar10_dvs | binary | 42 | 100 | 0.9941 | 0.7040 | 0.7040
cifar10_dvs | binary | 42 | 101 | 0.9938 | 0.6980 | 0.7040
cifar10_dvs | binary | 42 | 102 | 0.9941 | 0.7000 | 0.7040
cifar10_dvs | binary | 42 | 103 | 0.9942 | 0.6970 | 0.7040
cifar10_dvs | binary | 42 | 104 | 0.9936 | 0.6950 | 0.7040
cifar10_dvs | binary | 42 | 105 | 0.9964 | 0.6950 | 0.7040
cifar10_dvs | binary | 42 | 106 | 0.9952 | 0.6980 | 0.7040
cifar10_dvs | binary | 42 | 107 | 0.9952 | 0.6980 | 0.7040
cifar10_dvs | binary | 42 | 108 | 0.9959 | 0.7050 | 0.7050
cifar10_dvs | binary | 42 | 109 | 0.9954 | 0.6940 | 0.7050
cifar10_dvs | binary | 42 | 110 | 0.9950 | 0.7020 | 0.7050
cifar10_dvs | binary | 42 | 111 | 0.9945 | 0.7020 | 0.7050
cifar10_dvs | binary | 42 | 112 | 0.9956 | 0.6980 | 0.7050
cifar10_dvs | binary | 42 | 113 | 0.9941 | 0.6930 | 0.7050
cifar10_dvs | binary | 42 | 114 | 0.9946 | 0.7040 | 0.7050
cifar10_dvs | binary | 42 | 115 | 0.9955 | 0.6970 | 0.7050
cifar10_dvs | binary | 42 | 116 | 0.9958 | 0.6970 | 0.7050
cifar10_dvs | binary | 42 | 117 | 0.9954 | 0.7010 | 0.7050
cifar10_dvs | binary | 42 | 118 | 0.9964 | 0.6950 | 0.7050
cifar10_dvs | binary | 42 | 119 | 0.9970 | 0.7030 | 0.7050
cifar10_dvs | binary | 42 | 120 | 0.9956 | 0.6950 | 0.7050
cifar10_dvs | binary | 42 | 0.6940 | 108
