2026-09-25T11:30:33+0330 | PHASE 2 START: read-only audit; no attacks will be executed
2026-09-25T11:30:42+0330 | raw dataset/cache verification: samples=250/1000
2026-09-25T11:30:51+0330 | raw dataset/cache verification: samples=500/1000
2026-09-25T11:30:59+0330 | raw dataset/cache verification: samples=750/1000
2026-09-25T11:31:08+0330 | raw dataset/cache verification: samples=1000/1000
2026-09-25T11:32:05+0330 | B_inf=1 clean: samples=64/1000 elapsed=0.2s
2026-09-25T11:32:05+0330 | B_inf=1 clean: samples=256/1000 elapsed=0.2s
2026-09-25T11:32:05+0330 | B_inf=1 clean: samples=512/1000 elapsed=0.3s
2026-09-25T11:32:05+0330 | B_inf=1 clean: samples=768/1000 elapsed=0.4s
2026-09-25T11:32:05+0330 | B_inf=1 clean: samples=1000/1000 elapsed=0.5s
2026-09-25T11:32:05+0330 | B_inf=1 adversarial: samples=64/1000 elapsed=0.0s
2026-09-25T11:32:05+0330 | B_inf=1 adversarial: samples=256/1000 elapsed=0.0s
2026-09-25T11:32:05+0330 | B_inf=1 adversarial: samples=512/1000 elapsed=0.0s
2026-09-25T11:32:05+0330 | B_inf=1 adversarial: samples=768/1000 elapsed=0.1s
2026-09-25T11:32:05+0330 | B_inf=1 adversarial: samples=1000/1000 elapsed=0.1s
2026-09-25T11:32:05+0330 | B_inf=1: samples=1000 ASR=82.90% budget_validation=PASS
2026-09-25T11:33:03+0330 | B_inf=2 clean: samples=64/1000 elapsed=0.0s
2026-09-25T11:33:03+0330 | B_inf=2 clean: samples=256/1000 elapsed=0.1s
2026-09-25T11:33:03+0330 | B_inf=2 clean: samples=512/1000 elapsed=0.2s
2026-09-25T11:33:03+0330 | B_inf=2 clean: samples=768/1000 elapsed=0.2s
2026-09-25T11:33:03+0330 | B_inf=2 clean: samples=1000/1000 elapsed=0.3s
2026-09-25T11:33:04+0330 | B_inf=2 adversarial: samples=64/1000 elapsed=0.0s
2026-09-25T11:33:04+0330 | B_inf=2 adversarial: samples=256/1000 elapsed=0.0s
2026-09-25T11:33:04+0330 | B_inf=2 adversarial: samples=512/1000 elapsed=0.0s
2026-09-25T11:33:04+0330 | B_inf=2 adversarial: samples=768/1000 elapsed=0.1s
2026-09-25T11:33:04+0330 | B_inf=2 adversarial: samples=1000/1000 elapsed=0.1s
2026-09-25T11:33:04+0330 | B_inf=2: samples=1000 ASR=100.00% budget_validation=PASS
2026-09-25T11:34:03+0330 | B_inf=3 clean: samples=64/1000 elapsed=0.0s
2026-09-25T11:34:03+0330 | B_inf=3 clean: samples=256/1000 elapsed=0.1s
2026-09-25T11:34:03+0330 | B_inf=3 clean: samples=512/1000 elapsed=0.2s
2026-09-25T11:34:03+0330 | B_inf=3 clean: samples=768/1000 elapsed=0.2s
2026-09-25T11:34:03+0330 | B_inf=3 clean: samples=1000/1000 elapsed=0.3s
2026-09-25T11:34:03+0330 | B_inf=3 adversarial: samples=64/1000 elapsed=0.0s
2026-09-25T11:34:03+0330 | B_inf=3 adversarial: samples=256/1000 elapsed=0.0s
2026-09-25T11:34:03+0330 | B_inf=3 adversarial: samples=512/1000 elapsed=0.1s
2026-09-25T11:34:03+0330 | B_inf=3 adversarial: samples=768/1000 elapsed=0.1s
2026-09-25T11:34:03+0330 | B_inf=3 adversarial: samples=1000/1000 elapsed=0.1s
2026-09-25T11:34:03+0330 | B_inf=3: samples=1000 ASR=100.00% budget_validation=PASS
2026-09-25T11:35:01+0330 | B1=500 clean: samples=64/1000 elapsed=0.0s
2026-09-25T11:35:01+0330 | B1=500 clean: samples=256/1000 elapsed=0.1s
2026-09-25T11:35:01+0330 | B1=500 clean: samples=512/1000 elapsed=0.2s
2026-09-25T11:35:01+0330 | B1=500 clean: samples=768/1000 elapsed=0.3s
2026-09-25T11:35:01+0330 | B1=500 clean: samples=1000/1000 elapsed=0.3s
2026-09-25T11:35:01+0330 | B1=500 adversarial: samples=64/1000 elapsed=0.0s
2026-09-25T11:35:01+0330 | B1=500 adversarial: samples=256/1000 elapsed=0.0s
2026-09-25T11:35:01+0330 | B1=500 adversarial: samples=512/1000 elapsed=0.0s
2026-09-25T11:35:01+0330 | B1=500 adversarial: samples=768/1000 elapsed=0.1s
2026-09-25T11:35:01+0330 | B1=500 adversarial: samples=1000/1000 elapsed=0.1s
2026-09-25T11:35:01+0330 | B1=500: samples=1000 ASR=100.00% budget_validation=PASS
2026-09-25T11:36:00+0330 | B1=750 clean: samples=64/1000 elapsed=0.0s
2026-09-25T11:36:00+0330 | B1=750 clean: samples=256/1000 elapsed=0.1s
2026-09-25T11:36:00+0330 | B1=750 clean: samples=512/1000 elapsed=0.2s
2026-09-25T11:36:00+0330 | B1=750 clean: samples=768/1000 elapsed=0.2s
2026-09-25T11:36:00+0330 | B1=750 clean: samples=1000/1000 elapsed=0.3s
2026-09-25T11:36:00+0330 | B1=750 adversarial: samples=64/1000 elapsed=0.0s
2026-09-25T11:36:00+0330 | B1=750 adversarial: samples=256/1000 elapsed=0.1s
2026-09-25T11:36:00+0330 | B1=750 adversarial: samples=512/1000 elapsed=0.1s
2026-09-25T11:36:00+0330 | B1=750 adversarial: samples=768/1000 elapsed=0.1s
2026-09-25T11:36:00+0330 | B1=750 adversarial: samples=1000/1000 elapsed=0.1s
2026-09-25T11:36:00+0330 | B1=750: samples=1000 ASR=100.00% budget_validation=PASS
2026-09-25T11:36:59+0330 | B1=1000 clean: samples=64/1000 elapsed=0.0s
2026-09-25T11:36:59+0330 | B1=1000 clean: samples=256/1000 elapsed=0.1s
2026-09-25T11:36:59+0330 | B1=1000 clean: samples=512/1000 elapsed=0.2s
2026-09-25T11:36:59+0330 | B1=1000 clean: samples=768/1000 elapsed=0.2s
2026-09-25T11:36:59+0330 | B1=1000 clean: samples=1000/1000 elapsed=0.2s
2026-09-25T11:36:59+0330 | B1=1000 adversarial: samples=64/1000 elapsed=0.0s
2026-09-25T11:36:59+0330 | B1=1000 adversarial: samples=256/1000 elapsed=0.0s
2026-09-25T11:36:59+0330 | B1=1000 adversarial: samples=512/1000 elapsed=0.0s
2026-09-25T11:36:59+0330 | B1=1000 adversarial: samples=768/1000 elapsed=0.1s
2026-09-25T11:36:59+0330 | B1=1000 adversarial: samples=1000/1000 elapsed=0.1s
2026-09-25T11:36:59+0330 | B1=1000: samples=1000 ASR=100.00% budget_validation=PASS
2026-09-25T11:37:55+0330 | B0=200 clean: samples=64/1000 elapsed=0.0s
2026-09-25T11:37:55+0330 | B0=200 clean: samples=256/1000 elapsed=0.1s
2026-09-25T11:37:55+0330 | B0=200 clean: samples=512/1000 elapsed=0.2s
2026-09-25T11:37:55+0330 | B0=200 clean: samples=768/1000 elapsed=0.2s
2026-09-25T11:37:56+0330 | B0=200 clean: samples=1000/1000 elapsed=0.3s
2026-09-25T11:37:56+0330 | B0=200 adversarial: samples=64/1000 elapsed=0.0s
2026-09-25T11:37:56+0330 | B0=200 adversarial: samples=256/1000 elapsed=0.1s
2026-09-25T11:37:56+0330 | B0=200 adversarial: samples=512/1000 elapsed=0.1s
2026-09-25T11:37:56+0330 | B0=200 adversarial: samples=768/1000 elapsed=0.1s
2026-09-25T11:37:56+0330 | B0=200 adversarial: samples=1000/1000 elapsed=0.1s
2026-09-25T11:37:56+0330 | B0=200: samples=1000 ASR=100.00% budget_validation=PASS
2026-09-25T11:38:53+0330 | B0=300 clean: samples=64/1000 elapsed=0.0s
2026-09-25T11:38:53+0330 | B0=300 clean: samples=256/1000 elapsed=0.1s
2026-09-25T11:38:53+0330 | B0=300 clean: samples=512/1000 elapsed=0.1s
2026-09-25T11:38:53+0330 | B0=300 clean: samples=768/1000 elapsed=0.2s
2026-09-25T11:38:53+0330 | B0=300 clean: samples=1000/1000 elapsed=0.3s
2026-09-25T11:38:53+0330 | B0=300 adversarial: samples=64/1000 elapsed=0.0s
2026-09-25T11:38:53+0330 | B0=300 adversarial: samples=256/1000 elapsed=0.0s
2026-09-25T11:38:53+0330 | B0=300 adversarial: samples=512/1000 elapsed=0.0s
2026-09-25T11:38:53+0330 | B0=300 adversarial: samples=768/1000 elapsed=0.1s
2026-09-25T11:38:53+0330 | B0=300 adversarial: samples=1000/1000 elapsed=0.1s
2026-09-25T11:38:53+0330 | B0=300: samples=1000 ASR=100.00% budget_validation=PASS
2026-09-25T11:39:50+0330 | B0=400 clean: samples=64/1000 elapsed=0.0s
2026-09-25T11:39:50+0330 | B0=400 clean: samples=256/1000 elapsed=0.1s
2026-09-25T11:39:50+0330 | B0=400 clean: samples=512/1000 elapsed=0.2s
2026-09-25T11:39:51+0330 | B0=400 clean: samples=768/1000 elapsed=0.2s
2026-09-25T11:39:51+0330 | B0=400 clean: samples=1000/1000 elapsed=0.3s
2026-09-25T11:39:51+0330 | B0=400 adversarial: samples=64/1000 elapsed=0.0s
2026-09-25T11:39:51+0330 | B0=400 adversarial: samples=256/1000 elapsed=0.0s
2026-09-25T11:39:51+0330 | B0=400 adversarial: samples=512/1000 elapsed=0.0s
2026-09-25T11:39:51+0330 | B0=400 adversarial: samples=768/1000 elapsed=0.1s
2026-09-25T11:39:51+0330 | B0=400 adversarial: samples=1000/1000 elapsed=0.1s
2026-09-25T11:39:51+0330 | B0=400: samples=1000 ASR=100.00% budget_validation=PASS
2026-09-25T11:39:51+0330 | PHASE 2 COMPLETE: status=PASS; paper_comparability=NON_COMPARABLE
