PHASE 1 START: seed=42, attacks prohibited until clean gate passes
scan official-train: 10000/60000
scan official-train: 20000/60000
scan official-train: 30000/60000
scan official-train: 40000/60000
scan official-train: 50000/60000
scan official-train: 60000/60000
scan official-test: 10000/10000
eval frozen-train-batch64: batch 1/860 samples=64 running_accuracy=0.984375 elapsed=0.2s
eval frozen-train-batch64: batch 50/860 samples=3200 running_accuracy=0.991250 elapsed=2.3s
eval frozen-train-batch64: batch 100/860 samples=6400 running_accuracy=0.991719 elapsed=4.4s
eval frozen-train-batch64: batch 150/860 samples=9600 running_accuracy=0.992708 elapsed=6.0s
eval frozen-train-batch64: batch 200/860 samples=12800 running_accuracy=0.992656 elapsed=7.8s
eval frozen-train-batch64: batch 250/860 samples=16000 running_accuracy=0.992625 elapsed=10.4s
eval frozen-train-batch64: batch 300/860 samples=19200 running_accuracy=0.992500 elapsed=13.5s
eval frozen-train-batch64: batch 350/860 samples=22400 running_accuracy=0.992455 elapsed=16.4s
eval frozen-train-batch64: batch 400/860 samples=25600 running_accuracy=0.991875 elapsed=19.3s
eval frozen-train-batch64: batch 450/860 samples=28800 running_accuracy=0.991424 elapsed=22.1s
eval frozen-train-batch64: batch 500/860 samples=32000 running_accuracy=0.991313 elapsed=25.0s
eval frozen-train-batch64: batch 550/860 samples=35200 running_accuracy=0.991477 elapsed=28.1s
eval frozen-train-batch64: batch 600/860 samples=38400 running_accuracy=0.991406 elapsed=31.1s
eval frozen-train-batch64: batch 650/860 samples=41600 running_accuracy=0.991418 elapsed=33.8s
eval frozen-train-batch64: batch 700/860 samples=44800 running_accuracy=0.991228 elapsed=36.7s
eval frozen-train-batch64: batch 750/860 samples=48000 running_accuracy=0.989875 elapsed=39.6s
eval frozen-train-batch64: batch 800/860 samples=51200 running_accuracy=0.989180 elapsed=42.6s
eval frozen-train-batch64: batch 850/860 samples=54400 running_accuracy=0.989191 elapsed=45.4s
eval frozen-train-batch64: batch 860/860 samples=55000 running_accuracy=0.989055 elapsed=46.0s
eval frozen-train-batch64: COMPLETE samples=55000 accuracy=0.989055 macro_f1=0.988963 elapsed=46.0s
eval frozen-validation-batch64: batch 1/79 samples=64 running_accuracy=1.000000 elapsed=0.1s
eval frozen-validation-batch64: batch 50/79 samples=3200 running_accuracy=0.984062 elapsed=2.8s
eval frozen-validation-batch64: batch 79/79 samples=5000 running_accuracy=0.982000 elapsed=4.4s
eval frozen-validation-batch64: COMPLETE samples=5000 accuracy=0.982000 macro_f1=0.982019 elapsed=4.4s
eval official-test-batch64: batch 1/157 samples=64 running_accuracy=1.000000 elapsed=0.1s
eval official-test-batch64: batch 50/157 samples=3200 running_accuracy=0.995625 elapsed=2.8s
eval official-test-batch64: batch 100/157 samples=6400 running_accuracy=0.991094 elapsed=5.7s
eval official-test-batch64: batch 150/157 samples=9600 running_accuracy=0.987187 elapsed=8.6s
eval official-test-batch64: batch 157/157 samples=10000 running_accuracy=0.987300 elapsed=9.0s
eval official-test-batch64: COMPLETE samples=10000 accuracy=0.987300 macro_f1=0.987183 elapsed=9.0s
eval official-test-batch1-consistency: batch 1/10000 samples=1 running_accuracy=1.000000 elapsed=0.0s
eval official-test-batch1-consistency: batch 50/10000 samples=50 running_accuracy=1.000000 elapsed=0.3s
eval official-test-batch1-consistency: batch 100/10000 samples=100 running_accuracy=1.000000 elapsed=0.6s
eval official-test-batch1-consistency: batch 150/10000 samples=150 running_accuracy=1.000000 elapsed=0.9s
eval official-test-batch1-consistency: batch 200/10000 samples=200 running_accuracy=1.000000 elapsed=1.1s
eval official-test-batch1-consistency: batch 250/10000 samples=250 running_accuracy=0.996000 elapsed=1.4s
eval official-test-batch1-consistency: batch 300/10000 samples=300 running_accuracy=0.996667 elapsed=1.7s
eval official-test-batch1-consistency: batch 350/10000 samples=350 running_accuracy=0.997143 elapsed=1.9s
eval official-test-batch1-consistency: batch 400/10000 samples=400 running_accuracy=0.997500 elapsed=2.2s
eval official-test-batch1-consistency: batch 450/10000 samples=450 running_accuracy=0.997778 elapsed=2.5s
eval official-test-batch1-consistency: batch 500/10000 samples=500 running_accuracy=0.998000 elapsed=2.7s
eval official-test-batch1-consistency: batch 550/10000 samples=550 running_accuracy=0.998182 elapsed=3.0s
eval official-test-batch1-consistency: batch 600/10000 samples=600 running_accuracy=0.998333 elapsed=3.3s
eval official-test-batch1-consistency: batch 650/10000 samples=650 running_accuracy=0.992308 elapsed=3.6s
eval official-test-batch1-consistency: batch 700/10000 samples=700 running_accuracy=0.992857 elapsed=3.8s
eval official-test-batch1-consistency: batch 750/10000 samples=750 running_accuracy=0.993333 elapsed=4.1s
eval official-test-batch1-consistency: batch 800/10000 samples=800 running_accuracy=0.993750 elapsed=4.4s
eval official-test-batch1-consistency: batch 850/10000 samples=850 running_accuracy=0.992941 elapsed=4.6s
eval official-test-batch1-consistency: batch 900/10000 samples=900 running_accuracy=0.993333 elapsed=4.9s
eval official-test-batch1-consistency: batch 950/10000 samples=950 running_accuracy=0.993684 elapsed=5.2s
eval official-test-batch1-consistency: batch 1000/10000 samples=1000 running_accuracy=0.994000 elapsed=5.5s
eval official-test-batch1-consistency: batch 1050/10000 samples=1050 running_accuracy=0.994286 elapsed=5.7s
eval official-test-batch1-consistency: batch 1100/10000 samples=1100 running_accuracy=0.994545 elapsed=6.0s
eval official-test-batch1-consistency: batch 1150/10000 samples=1150 running_accuracy=0.994783 elapsed=6.2s
eval official-test-batch1-consistency: batch 1200/10000 samples=1200 running_accuracy=0.995000 elapsed=6.5s
eval official-test-batch1-consistency: batch 1250/10000 samples=1250 running_accuracy=0.993600 elapsed=6.7s
eval official-test-batch1-consistency: batch 1300/10000 samples=1300 running_accuracy=0.993846 elapsed=7.0s
eval official-test-batch1-consistency: batch 1350/10000 samples=1350 running_accuracy=0.993333 elapsed=7.3s
eval official-test-batch1-consistency: batch 1400/10000 samples=1400 running_accuracy=0.993571 elapsed=7.5s
eval official-test-batch1-consistency: batch 1450/10000 samples=1450 running_accuracy=0.993103 elapsed=7.8s
eval official-test-batch1-consistency: batch 1500/10000 samples=1500 running_accuracy=0.992667 elapsed=8.0s
eval official-test-batch1-consistency: batch 1550/10000 samples=1550 running_accuracy=0.992903 elapsed=8.3s
eval official-test-batch1-consistency: batch 1600/10000 samples=1600 running_accuracy=0.993125 elapsed=8.5s
eval official-test-batch1-consistency: batch 1650/10000 samples=1650 running_accuracy=0.993333 elapsed=8.8s
eval official-test-batch1-consistency: batch 1700/10000 samples=1700 running_accuracy=0.993529 elapsed=9.1s
eval official-test-batch1-consistency: batch 1750/10000 samples=1750 running_accuracy=0.993714 elapsed=9.3s
eval official-test-batch1-consistency: batch 1800/10000 samples=1800 running_accuracy=0.993889 elapsed=9.6s
eval official-test-batch1-consistency: batch 1850/10000 samples=1850 running_accuracy=0.994054 elapsed=9.8s
eval official-test-batch1-consistency: batch 1900/10000 samples=1900 running_accuracy=0.994211 elapsed=10.1s
eval official-test-batch1-consistency: batch 1950/10000 samples=1950 running_accuracy=0.994359 elapsed=10.3s
eval official-test-batch1-consistency: batch 2000/10000 samples=2000 running_accuracy=0.994500 elapsed=10.6s
eval official-test-batch1-consistency: batch 2050/10000 samples=2050 running_accuracy=0.994634 elapsed=10.9s
eval official-test-batch1-consistency: batch 2100/10000 samples=2100 running_accuracy=0.994286 elapsed=11.1s
eval official-test-batch1-consistency: batch 2150/10000 samples=2150 running_accuracy=0.994419 elapsed=11.4s
eval official-test-batch1-consistency: batch 2200/10000 samples=2200 running_accuracy=0.994545 elapsed=11.7s
eval official-test-batch1-consistency: batch 2250/10000 samples=2250 running_accuracy=0.994667 elapsed=11.9s
eval official-test-batch1-consistency: batch 2300/10000 samples=2300 running_accuracy=0.994783 elapsed=12.2s
eval official-test-batch1-consistency: batch 2350/10000 samples=2350 running_accuracy=0.994894 elapsed=12.4s
eval official-test-batch1-consistency: batch 2400/10000 samples=2400 running_accuracy=0.994583 elapsed=12.7s
eval official-test-batch1-consistency: batch 2450/10000 samples=2450 running_accuracy=0.994694 elapsed=13.0s
eval official-test-batch1-consistency: batch 2500/10000 samples=2500 running_accuracy=0.994800 elapsed=13.2s
eval official-test-batch1-consistency: batch 2550/10000 samples=2550 running_accuracy=0.994902 elapsed=13.5s
eval official-test-batch1-consistency: batch 2600/10000 samples=2600 running_accuracy=0.995000 elapsed=13.7s
eval official-test-batch1-consistency: batch 2650/10000 samples=2650 running_accuracy=0.995094 elapsed=14.0s
eval official-test-batch1-consistency: batch 2700/10000 samples=2700 running_accuracy=0.995185 elapsed=14.3s
eval official-test-batch1-consistency: batch 2750/10000 samples=2750 running_accuracy=0.995273 elapsed=14.5s
eval official-test-batch1-consistency: batch 2800/10000 samples=2800 running_accuracy=0.995357 elapsed=14.8s
eval official-test-batch1-consistency: batch 2850/10000 samples=2850 running_accuracy=0.995439 elapsed=15.1s
eval official-test-batch1-consistency: batch 2900/10000 samples=2900 running_accuracy=0.995517 elapsed=15.3s
eval official-test-batch1-consistency: batch 2950/10000 samples=2950 running_accuracy=0.995593 elapsed=15.6s
eval official-test-batch1-consistency: batch 3000/10000 samples=3000 running_accuracy=0.995667 elapsed=15.9s
eval official-test-batch1-consistency: batch 3050/10000 samples=3050 running_accuracy=0.995738 elapsed=16.1s
eval official-test-batch1-consistency: batch 3100/10000 samples=3100 running_accuracy=0.995806 elapsed=16.4s
eval official-test-batch1-consistency: batch 3150/10000 samples=3150 running_accuracy=0.995556 elapsed=16.7s
eval official-test-batch1-consistency: batch 3200/10000 samples=3200 running_accuracy=0.995625 elapsed=16.9s
eval official-test-batch1-consistency: batch 3250/10000 samples=3250 running_accuracy=0.995385 elapsed=17.2s
eval official-test-batch1-consistency: batch 3300/10000 samples=3300 running_accuracy=0.995152 elapsed=17.4s
eval official-test-batch1-consistency: batch 3350/10000 samples=3350 running_accuracy=0.995224 elapsed=17.7s
eval official-test-batch1-consistency: batch 3400/10000 samples=3400 running_accuracy=0.995000 elapsed=18.0s
eval official-test-batch1-consistency: batch 3450/10000 samples=3450 running_accuracy=0.995072 elapsed=18.2s
eval official-test-batch1-consistency: batch 3500/10000 samples=3500 running_accuracy=0.994857 elapsed=18.5s
eval official-test-batch1-consistency: batch 3550/10000 samples=3550 running_accuracy=0.994930 elapsed=18.8s
eval official-test-batch1-consistency: batch 3600/10000 samples=3600 running_accuracy=0.995000 elapsed=19.0s
eval official-test-batch1-consistency: batch 3650/10000 samples=3650 running_accuracy=0.994795 elapsed=19.3s
eval official-test-batch1-consistency: batch 3700/10000 samples=3700 running_accuracy=0.994595 elapsed=19.6s
eval official-test-batch1-consistency: batch 3750/10000 samples=3750 running_accuracy=0.994400 elapsed=19.8s
eval official-test-batch1-consistency: batch 3800/10000 samples=3800 running_accuracy=0.994474 elapsed=20.1s
eval official-test-batch1-consistency: batch 3850/10000 samples=3850 running_accuracy=0.994545 elapsed=20.4s
eval official-test-batch1-consistency: batch 3900/10000 samples=3900 running_accuracy=0.994615 elapsed=20.6s
eval official-test-batch1-consistency: batch 3950/10000 samples=3950 running_accuracy=0.994684 elapsed=20.9s
eval official-test-batch1-consistency: batch 4000/10000 samples=4000 running_accuracy=0.994750 elapsed=21.2s
eval official-test-batch1-consistency: batch 4050/10000 samples=4050 running_accuracy=0.994815 elapsed=21.4s
eval official-test-batch1-consistency: batch 4100/10000 samples=4100 running_accuracy=0.994878 elapsed=21.7s
eval official-test-batch1-consistency: batch 4150/10000 samples=4150 running_accuracy=0.994458 elapsed=22.0s
eval official-test-batch1-consistency: batch 4200/10000 samples=4200 running_accuracy=0.994286 elapsed=22.2s
eval official-test-batch1-consistency: batch 4250/10000 samples=4250 running_accuracy=0.994118 elapsed=22.5s
eval official-test-batch1-consistency: batch 4300/10000 samples=4300 running_accuracy=0.993721 elapsed=22.7s
eval official-test-batch1-consistency: batch 4350/10000 samples=4350 running_accuracy=0.993793 elapsed=23.0s
eval official-test-batch1-consistency: batch 4400/10000 samples=4400 running_accuracy=0.993409 elapsed=23.3s
eval official-test-batch1-consistency: batch 4450/10000 samples=4450 running_accuracy=0.993258 elapsed=23.5s
eval official-test-batch1-consistency: batch 4500/10000 samples=4500 running_accuracy=0.993333 elapsed=23.8s
eval official-test-batch1-consistency: batch 4550/10000 samples=4550 running_accuracy=0.993187 elapsed=24.1s
eval official-test-batch1-consistency: batch 4600/10000 samples=4600 running_accuracy=0.993043 elapsed=24.3s
eval official-test-batch1-consistency: batch 4650/10000 samples=4650 running_accuracy=0.992688 elapsed=24.7s
eval official-test-batch1-consistency: batch 4700/10000 samples=4700 running_accuracy=0.992766 elapsed=24.9s
eval official-test-batch1-consistency: batch 4750/10000 samples=4750 running_accuracy=0.992842 elapsed=25.2s
eval official-test-batch1-consistency: batch 4800/10000 samples=4800 running_accuracy=0.992917 elapsed=25.5s
eval official-test-batch1-consistency: batch 4850/10000 samples=4850 running_accuracy=0.992990 elapsed=25.7s
eval official-test-batch1-consistency: batch 4900/10000 samples=4900 running_accuracy=0.993061 elapsed=26.0s
eval official-test-batch1-consistency: batch 4950/10000 samples=4950 running_accuracy=0.993131 elapsed=26.2s
eval official-test-batch1-consistency: batch 5000/10000 samples=5000 running_accuracy=0.993000 elapsed=26.5s
eval official-test-batch1-consistency: batch 5050/10000 samples=5050 running_accuracy=0.993069 elapsed=26.8s
eval official-test-batch1-consistency: batch 5100/10000 samples=5100 running_accuracy=0.993137 elapsed=27.0s
eval official-test-batch1-consistency: batch 5150/10000 samples=5150 running_accuracy=0.993204 elapsed=27.3s
eval official-test-batch1-consistency: batch 5200/10000 samples=5200 running_accuracy=0.993269 elapsed=27.6s
eval official-test-batch1-consistency: batch 5250/10000 samples=5250 running_accuracy=0.993333 elapsed=27.8s
eval official-test-batch1-consistency: batch 5300/10000 samples=5300 running_accuracy=0.993208 elapsed=28.1s
eval official-test-batch1-consistency: batch 5350/10000 samples=5350 running_accuracy=0.992897 elapsed=28.3s
eval official-test-batch1-consistency: batch 5400/10000 samples=5400 running_accuracy=0.992778 elapsed=28.6s
eval official-test-batch1-consistency: batch 5450/10000 samples=5450 running_accuracy=0.992844 elapsed=28.9s
eval official-test-batch1-consistency: batch 5500/10000 samples=5500 running_accuracy=0.992727 elapsed=29.1s
eval official-test-batch1-consistency: batch 5550/10000 samples=5550 running_accuracy=0.992793 elapsed=29.4s
eval official-test-batch1-consistency: batch 5600/10000 samples=5600 running_accuracy=0.992857 elapsed=29.7s
eval official-test-batch1-consistency: batch 5650/10000 samples=5650 running_accuracy=0.992920 elapsed=29.9s
eval official-test-batch1-consistency: batch 5700/10000 samples=5700 running_accuracy=0.992632 elapsed=30.2s
eval official-test-batch1-consistency: batch 5750/10000 samples=5750 running_accuracy=0.992696 elapsed=30.4s
eval official-test-batch1-consistency: batch 5800/10000 samples=5800 running_accuracy=0.992759 elapsed=30.7s
eval official-test-batch1-consistency: batch 5850/10000 samples=5850 running_accuracy=0.992821 elapsed=31.0s
eval official-test-batch1-consistency: batch 5900/10000 samples=5900 running_accuracy=0.992881 elapsed=31.3s
eval official-test-batch1-consistency: batch 5950/10000 samples=5950 running_accuracy=0.992941 elapsed=31.5s
eval official-test-batch1-consistency: batch 6000/10000 samples=6000 running_accuracy=0.993000 elapsed=31.8s
eval official-test-batch1-consistency: batch 6050/10000 samples=6050 running_accuracy=0.992727 elapsed=32.1s
eval official-test-batch1-consistency: batch 6100/10000 samples=6100 running_accuracy=0.992623 elapsed=32.3s
eval official-test-batch1-consistency: batch 6150/10000 samples=6150 running_accuracy=0.992195 elapsed=32.6s
eval official-test-batch1-consistency: batch 6200/10000 samples=6200 running_accuracy=0.992097 elapsed=32.9s
eval official-test-batch1-consistency: batch 6250/10000 samples=6250 running_accuracy=0.991680 elapsed=33.2s
eval official-test-batch1-consistency: batch 6300/10000 samples=6300 running_accuracy=0.991587 elapsed=33.4s
eval official-test-batch1-consistency: batch 6350/10000 samples=6350 running_accuracy=0.991339 elapsed=33.7s
eval official-test-batch1-consistency: batch 6400/10000 samples=6400 running_accuracy=0.991094 elapsed=34.0s
eval official-test-batch1-consistency: batch 6450/10000 samples=6450 running_accuracy=0.991163 elapsed=34.2s
eval official-test-batch1-consistency: batch 6500/10000 samples=6500 running_accuracy=0.990769 elapsed=34.5s
eval official-test-batch1-consistency: batch 6550/10000 samples=6550 running_accuracy=0.990840 elapsed=34.8s
eval official-test-batch1-consistency: batch 6600/10000 samples=6600 running_accuracy=0.990758 elapsed=35.0s
eval official-test-batch1-consistency: batch 6650/10000 samples=6650 running_accuracy=0.990827 elapsed=35.3s
eval official-test-batch1-consistency: batch 6700/10000 samples=6700 running_accuracy=0.990896 elapsed=35.6s
eval official-test-batch1-consistency: batch 6750/10000 samples=6750 running_accuracy=0.990963 elapsed=35.8s
eval official-test-batch1-consistency: batch 6800/10000 samples=6800 running_accuracy=0.991029 elapsed=36.1s
eval official-test-batch1-consistency: batch 6850/10000 samples=6850 running_accuracy=0.991095 elapsed=36.4s
eval official-test-batch1-consistency: batch 6900/10000 samples=6900 running_accuracy=0.991159 elapsed=36.6s
eval official-test-batch1-consistency: batch 6950/10000 samples=6950 running_accuracy=0.991223 elapsed=36.9s
eval official-test-batch1-consistency: batch 7000/10000 samples=7000 running_accuracy=0.991000 elapsed=37.2s
eval official-test-batch1-consistency: batch 7050/10000 samples=7050 running_accuracy=0.991064 elapsed=37.4s
eval official-test-batch1-consistency: batch 7100/10000 samples=7100 running_accuracy=0.990845 elapsed=37.7s
eval official-test-batch1-consistency: batch 7150/10000 samples=7150 running_accuracy=0.990490 elapsed=38.0s
eval official-test-batch1-consistency: batch 7200/10000 samples=7200 running_accuracy=0.990556 elapsed=38.2s
eval official-test-batch1-consistency: batch 7250/10000 samples=7250 running_accuracy=0.990621 elapsed=38.5s
eval official-test-batch1-consistency: batch 7300/10000 samples=7300 running_accuracy=0.990685 elapsed=38.8s
eval official-test-batch1-consistency: batch 7350/10000 samples=7350 running_accuracy=0.990748 elapsed=39.0s
eval official-test-batch1-consistency: batch 7400/10000 samples=7400 running_accuracy=0.990541 elapsed=39.3s
eval official-test-batch1-consistency: batch 7450/10000 samples=7450 running_accuracy=0.990470 elapsed=39.5s
eval official-test-batch1-consistency: batch 7500/10000 samples=7500 running_accuracy=0.990400 elapsed=39.8s
eval official-test-batch1-consistency: batch 7550/10000 samples=7550 running_accuracy=0.990464 elapsed=40.1s
eval official-test-batch1-consistency: batch 7600/10000 samples=7600 running_accuracy=0.990395 elapsed=40.3s
eval official-test-batch1-consistency: batch 7650/10000 samples=7650 running_accuracy=0.990458 elapsed=40.6s
eval official-test-batch1-consistency: batch 7700/10000 samples=7700 running_accuracy=0.990390 elapsed=40.9s
eval official-test-batch1-consistency: batch 7750/10000 samples=7750 running_accuracy=0.990452 elapsed=41.1s
eval official-test-batch1-consistency: batch 7800/10000 samples=7800 running_accuracy=0.990513 elapsed=41.4s
eval official-test-batch1-consistency: batch 7850/10000 samples=7850 running_accuracy=0.990573 elapsed=41.7s
eval official-test-batch1-consistency: batch 7900/10000 samples=7900 running_accuracy=0.990633 elapsed=41.9s
eval official-test-batch1-consistency: batch 7950/10000 samples=7950 running_accuracy=0.990440 elapsed=42.2s
eval official-test-batch1-consistency: batch 8000/10000 samples=8000 running_accuracy=0.990375 elapsed=42.4s
eval official-test-batch1-consistency: batch 8050/10000 samples=8050 running_accuracy=0.990311 elapsed=42.7s
eval official-test-batch1-consistency: batch 8100/10000 samples=8100 running_accuracy=0.990000 elapsed=43.0s
eval official-test-batch1-consistency: batch 8150/10000 samples=8150 running_accuracy=0.989693 elapsed=43.2s
eval official-test-batch1-consistency: batch 8200/10000 samples=8200 running_accuracy=0.989512 elapsed=43.5s
eval official-test-batch1-consistency: batch 8250/10000 samples=8250 running_accuracy=0.989455 elapsed=43.8s
eval official-test-batch1-consistency: batch 8300/10000 samples=8300 running_accuracy=0.989398 elapsed=44.0s
eval official-test-batch1-consistency: batch 8350/10000 samples=8350 running_accuracy=0.989341 elapsed=44.3s
eval official-test-batch1-consistency: batch 8400/10000 samples=8400 running_accuracy=0.988929 elapsed=44.6s
eval official-test-batch1-consistency: batch 8450/10000 samples=8450 running_accuracy=0.988994 elapsed=44.8s
eval official-test-batch1-consistency: batch 8500/10000 samples=8500 running_accuracy=0.988471 elapsed=45.1s
eval official-test-batch1-consistency: batch 8550/10000 samples=8550 running_accuracy=0.988187 elapsed=45.3s
eval official-test-batch1-consistency: batch 8600/10000 samples=8600 running_accuracy=0.988256 elapsed=45.6s
eval official-test-batch1-consistency: batch 8650/10000 samples=8650 running_accuracy=0.988324 elapsed=45.9s
eval official-test-batch1-consistency: batch 8700/10000 samples=8700 running_accuracy=0.987816 elapsed=46.1s
eval official-test-batch1-consistency: batch 8750/10000 samples=8750 running_accuracy=0.987771 elapsed=46.4s
eval official-test-batch1-consistency: batch 8800/10000 samples=8800 running_accuracy=0.987727 elapsed=46.7s
eval official-test-batch1-consistency: batch 8850/10000 samples=8850 running_accuracy=0.987571 elapsed=46.9s
eval official-test-batch1-consistency: batch 8900/10000 samples=8900 running_accuracy=0.987640 elapsed=47.2s
eval official-test-batch1-consistency: batch 8950/10000 samples=8950 running_accuracy=0.987709 elapsed=47.5s
eval official-test-batch1-consistency: batch 9000/10000 samples=9000 running_accuracy=0.987667 elapsed=47.7s
eval official-test-batch1-consistency: batch 9050/10000 samples=9050 running_accuracy=0.987624 elapsed=48.0s
eval official-test-batch1-consistency: batch 9100/10000 samples=9100 running_accuracy=0.987582 elapsed=48.3s
eval official-test-batch1-consistency: batch 9150/10000 samples=9150 running_accuracy=0.987541 elapsed=48.5s
eval official-test-batch1-consistency: batch 9200/10000 samples=9200 running_accuracy=0.987391 elapsed=48.8s
eval official-test-batch1-consistency: batch 9250/10000 samples=9250 running_accuracy=0.987459 elapsed=49.0s
eval official-test-batch1-consistency: batch 9300/10000 samples=9300 running_accuracy=0.987312 elapsed=49.3s
eval official-test-batch1-consistency: batch 9350/10000 samples=9350 running_accuracy=0.987273 elapsed=49.6s
eval official-test-batch1-consistency: batch 9400/10000 samples=9400 running_accuracy=0.987128 elapsed=49.8s
eval official-test-batch1-consistency: batch 9450/10000 samples=9450 running_accuracy=0.987090 elapsed=50.1s
eval official-test-batch1-consistency: batch 9500/10000 samples=9500 running_accuracy=0.987053 elapsed=50.4s
eval official-test-batch1-consistency: batch 9550/10000 samples=9550 running_accuracy=0.987120 elapsed=50.6s
eval official-test-batch1-consistency: batch 9600/10000 samples=9600 running_accuracy=0.987187 elapsed=50.9s
eval official-test-batch1-consistency: batch 9650/10000 samples=9650 running_accuracy=0.987254 elapsed=51.2s
eval official-test-batch1-consistency: batch 9700/10000 samples=9700 running_accuracy=0.987216 elapsed=51.4s
eval official-test-batch1-consistency: batch 9750/10000 samples=9750 running_accuracy=0.987282 elapsed=51.7s
eval official-test-batch1-consistency: batch 9800/10000 samples=9800 running_accuracy=0.987347 elapsed=51.9s
eval official-test-batch1-consistency: batch 9850/10000 samples=9850 running_accuracy=0.987411 elapsed=52.2s
eval official-test-batch1-consistency: batch 9900/10000 samples=9900 running_accuracy=0.987475 elapsed=52.5s
eval official-test-batch1-consistency: batch 9950/10000 samples=9950 running_accuracy=0.987538 elapsed=52.7s
eval official-test-batch1-consistency: batch 10000/10000 samples=10000 running_accuracy=0.987300 elapsed=53.0s
eval official-test-batch1-consistency: COMPLETE samples=10000 accuracy=0.987300 macro_f1=0.987183 elapsed=53.0s
CLEAN GATE PASS: accuracy >= 95% and all integrity checks passed
{"status": "PASS", "test_accuracy": 0.9873, "macro_f1": 0.9871825393153608, "parameters": 25482, "batch_prediction_mismatches": 0, "output": "C:\\Users\\jafari.h.SPADANACO\\Desktop\\ai_project\\testing\\qsnn_temp_drift_project\\Reports\\results\\nmnist_seed42_verification\\seed42_clean_verification.json"}
